// Jest Snapshot v1, https://goo.gl/fbAQLP

exports[`ListProduct has a valid snapshot 1`] = `
<div
  className="col-sm-9 col-sm-9"
>
  <div
    className="toolbar"
  >
    <div
      className="total"
    >
      <span
        className="text-left"
        style={
          Object {
            "fontSize": "20px",
            "fontWeight": "bold",
          }
        }
      >
        Total : 
        2
      </span>
    </div>
    <div
      className="container custom__pagination"
    >
      <ul
        className="pagination"
      >
        <li
          className="page-item"
          onClick={[Function]}
        >
          <a
            className="page-link"
          >
            Previous
          </a>
        </li>
        <li
          className="input__page"
        >
          <input
            className="form-control"
            id="fpage"
            name="current_page"
            onChange={[Function]}
            onKeyPress={[Function]}
            type="text"
          />
        </li>
        <li
          className="count__page"
        >
          <span>
            of 
            1
          </span>
        </li>
        <li
          className="page-item"
          onClick={[Function]}
        >
          <a
            className="page-link"
          >
            Next
          </a>
        </li>
      </ul>
    </div>
  </div>
  <table
    className="table table-striped __table"
  >
    <thead>
      <tr>
        <th
          scope="col"
        >
          ID
        </th>
        <th
          scope="col"
        >
          Name
        </th>
        <th
          scope="col"
        >
          Sku
        </th>
        <th
          scope="col"
        >
          Price
        </th>
        <th
          scope="col"
        >
          Type
        </th>
        <th
          scope="col"
        >
          Image
        </th>
        <th
          scope="col"
        >
          Status
        </th>
        <th
          scope="col"
        >
          Modify
        </th>
      </tr>
    </thead>
    <tbody>
      <tr>
        <th>
          Loading Data
        </th>
      </tr>
    </tbody>
  </table>
  <div
    className="container"
  >
    <ul
      className="pagination"
    >
      <li
        className="page-item active"
        id={1}
        onClick={[Function]}
      >
        <a
          className="page-link"
        >
          1
        </a>
      </li>
    </ul>
  </div>
</div>
`;
